// Jest Snapshot v1, https://goo.gl/fbAQLP

exports[`core.webapp -> components -> pages -> dashboard -> card onLayoutChange 1`] = `
<div
  class="dashboard"
>
  <div
    data-mock="DashboardHeader"
  />
  <div
    class="dashboard-content"
  >
    <a
      class="dashboard-content__edit-button"
    >
      Edit
    </a>
    <div
      class="layout"
      containerpadding="40,20"
      layouts="[object Object]"
      margin="20,20"
      rowheight="30"
    >
      <div
        class="dashboard-widget__wrapper"
        data-grid="[object Object]"
      />
    </div>
  </div>
</div>
`;

exports[`core.webapp -> components -> pages -> dashboard -> card onToggleEditing 1`] = `
<div
  class="dashboard"
>
  <div
    data-mock="DashboardHeader"
  />
  <div
    class="dashboard-content"
  >
    <a
      class="dashboard-content__edit-button"
    >
      Edit
    </a>
    <div
      class="layout"
      containerpadding="40,20"
      layouts="[object Object]"
      margin="20,20"
      rowheight="30"
    >
      <div
        class="dashboard-widget__wrapper"
        data-grid="[object Object]"
      />
    </div>
  </div>
</div>
`;

exports[`core.webapp -> components -> pages -> dashboard -> card renders 1`] = `
<div
  class="dashboard"
>
  <div
    data-mock="DashboardHeader"
  />
  <div
    class="dashboard-content"
  >
    <a
      class="dashboard-content__edit-button"
    >
      Edit
    </a>
    <div
      class="layout"
      containerpadding="40,20"
      layouts="[object Object]"
      margin="20,20"
      rowheight="30"
    >
      <div
        class="dashboard-widget__wrapper"
        data-grid="[object Object]"
      />
    </div>
  </div>
</div>
`;
